MPLINK 5.09, LINKER
Linker Map File - Created Fri Sep 01 11:15:02 2023

                                 Section Info
                  Section       Type    Address   Location Size(Bytes)
                ---------  ---------  ---------  ---------  ---------
                   .org_0       code   0x000000    program   0x000058
                   .cinit    romdata   0x00002c    program   0x000004
.config_2007_BUILD/DEFAULT/PRODUCTION/MAINALA       code   0x002007    program   0x000002
.config_2008_BUILD/DEFAULT/PRODUCTION/MAINALA       code   0x002008    program   0x000002



                              Program Memory Usage 
                               Start         End      
                           ---------   ---------      
                            0x000000    0x00002d      
                            0x002007    0x002008      
            48 out of 8455 program addresses used, program memory utilization is 0%



                              Symbols - Sorted by Name
                     Name    Address   Location    Storage File                     
                ---------  ---------  ---------  --------- ---------                
               CONFIG_LED   0x000003    program     static C:\Users\Pc\Documents\GitHub\DIGII_Ensamblador\AlarmasRGB\alarmasrgb.X\mainalarma.asm
                  INC_VAR   0x00001f    program     static C:\Users\Pc\Documents\GitHub\DIGII_Ensamblador\AlarmasRGB\alarmasrgb.X\mainalarma.asm
                   INICIO   0x000001    program     static C:\Users\Pc\Documents\GitHub\DIGII_Ensamblador\AlarmasRGB\alarmasrgb.X\mainalarma.asm
           LED_AMARI_FUNC   0x000017    program     static C:\Users\Pc\Documents\GitHub\DIGII_Ensamblador\AlarmasRGB\alarmasrgb.X\mainalarma.asm
            LED_ROJO_FUNC   0x00001b    program     static C:\Users\Pc\Documents\GitHub\DIGII_Ensamblador\AlarmasRGB\alarmasrgb.X\mainalarma.asm
           LED_VERDE_FUNC   0x000013    program     static C:\Users\Pc\Documents\GitHub\DIGII_Ensamblador\AlarmasRGB\alarmasrgb.X\mainalarma.asm
                    REP_1   0x000025    program     static C:\Users\Pc\Documents\GitHub\DIGII_Ensamblador\AlarmasRGB\alarmasrgb.X\mainalarma.asm
                    REP_2   0x000027    program     static C:\Users\Pc\Documents\GitHub\DIGII_Ensamblador\AlarmasRGB\alarmasrgb.X\mainalarma.asm
                  RETARDO   0x000023    program     static C:\Users\Pc\Documents\GitHub\DIGII_Ensamblador\AlarmasRGB\alarmasrgb.X\mainalarma.asm
               VERIF_HIGH   0x000009    program     static C:\Users\Pc\Documents\GitHub\DIGII_Ensamblador\AlarmasRGB\alarmasrgb.X\mainalarma.asm
                VERIF_LOW   0x00000e    program     static C:\Users\Pc\Documents\GitHub\DIGII_Ensamblador\AlarmasRGB\alarmasrgb.X\mainalarma.asm



                              Symbols - Sorted by Address
                     Name    Address   Location    Storage File                     
                ---------  ---------  ---------  --------- ---------                
                   INICIO   0x000001    program     static C:\Users\Pc\Documents\GitHub\DIGII_Ensamblador\AlarmasRGB\alarmasrgb.X\mainalarma.asm
               CONFIG_LED   0x000003    program     static C:\Users\Pc\Documents\GitHub\DIGII_Ensamblador\AlarmasRGB\alarmasrgb.X\mainalarma.asm
               VERIF_HIGH   0x000009    program     static C:\Users\Pc\Documents\GitHub\DIGII_Ensamblador\AlarmasRGB\alarmasrgb.X\mainalarma.asm
                VERIF_LOW   0x00000e    program     static C:\Users\Pc\Documents\GitHub\DIGII_Ensamblador\AlarmasRGB\alarmasrgb.X\mainalarma.asm
           LED_VERDE_FUNC   0x000013    program     static C:\Users\Pc\Documents\GitHub\DIGII_Ensamblador\AlarmasRGB\alarmasrgb.X\mainalarma.asm
           LED_AMARI_FUNC   0x000017    program     static C:\Users\Pc\Documents\GitHub\DIGII_Ensamblador\AlarmasRGB\alarmasrgb.X\mainalarma.asm
            LED_ROJO_FUNC   0x00001b    program     static C:\Users\Pc\Documents\GitHub\DIGII_Ensamblador\AlarmasRGB\alarmasrgb.X\mainalarma.asm
                  INC_VAR   0x00001f    program     static C:\Users\Pc\Documents\GitHub\DIGII_Ensamblador\AlarmasRGB\alarmasrgb.X\mainalarma.asm
                  RETARDO   0x000023    program     static C:\Users\Pc\Documents\GitHub\DIGII_Ensamblador\AlarmasRGB\alarmasrgb.X\mainalarma.asm
                    REP_1   0x000025    program     static C:\Users\Pc\Documents\GitHub\DIGII_Ensamblador\AlarmasRGB\alarmasrgb.X\mainalarma.asm
                    REP_2   0x000027    program     static C:\Users\Pc\Documents\GitHub\DIGII_Ensamblador\AlarmasRGB\alarmasrgb.X\mainalarma.asm


